error[E0277]: the trait bound `i32: std::slice::SliceIndex<[{integer}]>` is not satisfied
  --> $DIR/index-help.rs:13:5
   |
13 |     x[0i32]; //~ ERROR E0277
   |     ^^^^^^^ slice indices are of type `usize` or ranges of `usize`
   |
   = help: the trait `std::slice::SliceIndex<[{integer}]>` is not implemented for `i32`
   = note: required because of the requirements on the impl of `std::ops::Index<i32>` for `[{integer}]`

error: aborting due to previous error

